Java File: my.custom.ClassFromOriginalTest - Extend Class: android.widget.Button2222 - Overridden Methods: onClick222222,onClick222222222222