Java File: asd.asd.As111 - Extend Class: android.view.ViewGroup1111 - Overridden Methods: MyClassMethod111,MyClassMethod1111
Java File: my.custom.ClassFromOrigina2222222222 - Extend Class: android.widget.Button22222222 - Overridden Methods: onClick222222,onClick222222222
Java File: asd.asd.As3333 - Extend Class: android.view.ViewGroup333333 - Overridden Methods: MyClassMethod3333,MyClassMethod33333333
Java File: my.custom.ClassFromOrigina44444 - Extend Class: android.widget.Button44444444 - Overridden Methods: onClick4444,onClick4444444