Java File: asd.asd.As - Extend Class: android.view.ViewGroup - Overridden Methods: MyClassMethod1,MyClassMethod2