Java File: my.custom.ClassFromOrigina1111111 - Extend Class: android.widget.Button1111111111 - Overridden Methods: onClick111111,onClick111111111
Java File: my.custom.ClassFromOrigina2222222222 - Extend Class: android.widget.Button22222222 - Overridden Methods: onClick222222,onClick222222222
Java File: my.custom.ClassFromOrigina3333333333 - Extend Class: android.widget.Button333333 - Overridden Methods: onClick33333,onClick333333333
Java File: my.custom.ClassFromOrigina44444 - Extend Class: android.widget.Button44444444 - Overridden Methods: onClick4444,onClick4444444